This file contains any messages produced by compilers while
running configure, to aid debugging if configure makes a mistake.

It was created by hpcperfstats configure 2.4, which was
generated by GNU Autoconf 2.72.  Invocation command line was

  $ ../configure --disable-infiniband --disable-mic --disable-gpu --disable-amd-gpu --disable-opa --disable-lustre --with-systemduserunitdir=no

## --------- ##
## Platform. ##
## --------- ##

hostname = staff.stampede3.tacc.utexas.edu
uname -m = x86_64
uname -r = 5.14.0-611.24.1.el9_7.x86_64
uname -s = Linux
uname -v = #1 SMP PREEMPT_DYNAMIC Fri Jan 23 11:42:43 UTC 2026

/usr/bin/uname -p = x86_64
/bin/uname -X     = unknown

/bin/arch              = x86_64
/usr/bin/arch -k       = unknown
/usr/convex/getsysinfo = unknown
/usr/bin/hostinfo      = unknown
/bin/machine           = unknown
/usr/bin/oslevel       = unknown
/bin/universe          = unknown

PATH: /home1/01623/sharrell/.cursor-server/cli/servers/Stable-fea2f546c979a0a4ad1deab23552a43568807590/server/bin/remote-cli/
PATH: /opt/apps/xalt/xalt/bin/
PATH: /opt/apps/python/3.12.11/bin/
PATH: /home1/apps/cmake/4.1.1/bin/
PATH: /opt/apps/autotools/1.4/bin/
PATH: /opt/intel/oneapi/mpi/2021.11/bin/
PATH: /opt/intel/oneapi/mkl/2024.0/bin/
PATH: /opt/intel/oneapi/inspector/2024.0/bin64/
PATH: /opt/intel/oneapi/dpcpp-ct/2024.0/bin/
PATH: /opt/intel/oneapi/debugger/2024.0/bin/
PATH: /opt/intel/oneapi/dev-utilities/2024.0/bin/
PATH: /opt/intel/oneapi/compiler/2024.0/bin/compiler/
PATH: /opt/intel/oneapi/compiler/2024.0/bin/
PATH: /opt/apps/gcc/13.2.0/bin/
PATH: /usr/local/bin/
PATH: /usr/bin/
PATH: /usr/local/sbin/
PATH: /usr/sbin/
PATH: ./


## ----------- ##
## Core tests. ##
## ----------- ##

configure:2594: looking for aux files: compile config.guess config.sub missing install-sh
configure:2607:  trying ../
configure:2636:   ../compile found
configure:2636:   ../config.guess found
configure:2636:   ../config.sub found
configure:2636:   ../missing found
configure:2618:   ../install-sh found
configure:2766: checking for a BSD-compatible install
configure:2840: result: /usr/bin/install -c
configure:2851: checking whether build environment is sane
configure:2906: result: yes
configure:3067: checking for a race-free mkdir -p
configure:3110: result: /usr/bin/mkdir -p
configure:3117: checking for gawk
configure:3138: found /usr/bin/gawk
configure:3150: result: gawk
configure:3161: checking whether make sets $(MAKE)
configure:3185: result: yes
configure:3215: checking whether make supports nested variables
configure:3234: result: yes
configure:3251: error: source directory already configured; run "make distclean" there first

## ---------------- ##
## Cache variables. ##
## ---------------- ##

ac_cv_env_CCC_set=
ac_cv_env_CCC_value=
ac_cv_env_CC_set=
ac_cv_env_CC_value=
ac_cv_env_CFLAGS_set=
ac_cv_env_CFLAGS_value=
ac_cv_env_CPPFLAGS_set=
ac_cv_env_CPPFLAGS_value=
ac_cv_env_CXXFLAGS_set=
ac_cv_env_CXXFLAGS_value=
ac_cv_env_CXX_set=
ac_cv_env_CXX_value=
ac_cv_env_LDFLAGS_set=
ac_cv_env_LDFLAGS_value=
ac_cv_env_LIBS_set=
ac_cv_env_LIBS_value=
ac_cv_env_PKG_CONFIG_LIBDIR_set=
ac_cv_env_PKG_CONFIG_LIBDIR_value=
ac_cv_env_PKG_CONFIG_PATH_set=set
ac_cv_env_PKG_CONFIG_PATH_value=/opt/intel/oneapi/ccl/2021.11/lib/pkgconfig:/opt/intel/oneapi/mpi/2021.11/lib/pkgconfig:/opt/intel/oneapi/mkl/2024.0/lib/pkgconfig:/opt/intel/oneapi/ippcp/2021.9/lib/pkgconfig:/opt/intel/oneapi/inspector/2024.0/sdk/include/pkgconfig:/opt/intel/oneapi/inspector/2024.0/include/pkgconfig:/opt/intel/oneapi/dpl/2022.3/lib/pkgconfig:/scratch/projects/compilers/intel24.0/oneapi/dnnl/2024.0/lib/pkgconfig:/scratch/projects/compilers/intel24.0/oneapi/dal/2024.0/lib/pkgconfig:/opt/intel/oneapi/compiler/2024.0/lib/pkgconfig:/opt/intel/oneapi/tbb/2021.11/lib/pkgconfig
ac_cv_env_PKG_CONFIG_set=
ac_cv_env_PKG_CONFIG_value=
ac_cv_env_build_alias_set=
ac_cv_env_build_alias_value=
ac_cv_env_host_alias_set=
ac_cv_env_host_alias_value=
ac_cv_env_target_alias_set=
ac_cv_env_target_alias_value=
ac_cv_path_install='/usr/bin/install -c'
ac_cv_path_mkdir=/usr/bin/mkdir
ac_cv_prog_AWK=gawk
ac_cv_prog_make_make_set=yes
am_cv_make_support_nested_variables=yes

## ----------------- ##
## Output variables. ##
## ----------------- ##

ACLOCAL=''
AMDEPBACKSLASH=''
AMDEP_FALSE=''
AMDEP_TRUE=''
AMD_GPU_FALSE=''
AMD_GPU_TRUE=''
AMTAR=''
AM_BACKSLASH='\'
AM_DEFAULT_V='$(AM_DEFAULT_VERBOSITY)'
AM_DEFAULT_VERBOSITY='1'
AM_V='$(V)'
AUTOCONF=''
AUTOHEADER=''
AUTOMAKE=''
AWK='gawk'
CC=''
CCDEPMODE=''
CFLAGS=''
CPPFLAGS=''
CPU_BACKEND_DCGM_FALSE=''
CPU_BACKEND_DCGM_TRUE=''
CPU_BACKEND_LIKWID_FALSE=''
CPU_BACKEND_LIKWID_TRUE=''
CPU_COUNTER_BACKEND_CPPFLAG=''
CSCOPE=''
CTAGS=''
CXX=''
CXXDEPMODE=''
CXXFLAGS=''
CYGPATH_W=''
DEBUG_FALSE=''
DEBUG_TRUE=''
DEFS=''
DEPDIR=''
ECHO_C=''
ECHO_N='-n'
ECHO_T=''
ETAGS=''
EXEEXT=''
GPU_FALSE=''
GPU_TRUE=''
HARDWARE_FALSE=''
HARDWARE_TRUE=''
HAVE_SYSTEMD_FALSE=''
HAVE_SYSTEMD_TRUE=''
INFINIBAND_FALSE=''
INFINIBAND_TRUE=''
INSTALL_DATA='${INSTALL} -m 644'
INSTALL_PROGRAM='${INSTALL}'
INSTALL_SCRIPT='${INSTALL}'
INSTALL_STRIP_PROGRAM='$(install_sh) -c -s'
LDFLAGS=''
LIBOBJS=''
LIBS=''
LIKWID_FALSE=''
LIKWID_TRUE=''
LSPCI=''
LTLIBOBJS=''
LUSTRE_FALSE=''
LUSTRE_TRUE=''
MAKEINFO=''
MIC_FALSE=''
MIC_TRUE=''
MKDIR_P='/usr/bin/mkdir -p'
MONITOR_ARCH_AMD_FALSE=''
MONITOR_ARCH_AMD_TRUE=''
MONITOR_ARCH_CPPFLAG=''
MONITOR_ARCH_INTEL_FALSE=''
MONITOR_ARCH_INTEL_TRUE=''
OBJEXT=''
OPA_FALSE=''
OPA_TRUE=''
PACKAGE=''
PACKAGE_BUGREPORT='rtevans@tacc.utexas.edu'
PACKAGE_NAME='hpcperfstats'
PACKAGE_STRING='hpcperfstats 2.4'
PACKAGE_TARNAME='hpcperfstats'
PACKAGE_URL=''
PACKAGE_VERSION='2.4'
PATH_SEPARATOR=':'
PKG_CONFIG=''
PKG_CONFIG_LIBDIR=''
PKG_CONFIG_PATH='/opt/intel/oneapi/ccl/2021.11/lib/pkgconfig:/opt/intel/oneapi/mpi/2021.11/lib/pkgconfig:/opt/intel/oneapi/mkl/2024.0/lib/pkgconfig:/opt/intel/oneapi/ippcp/2021.9/lib/pkgconfig:/opt/intel/oneapi/inspector/2024.0/sdk/include/pkgconfig:/opt/intel/oneapi/inspector/2024.0/include/pkgconfig:/opt/intel/oneapi/dpl/2022.3/lib/pkgconfig:/scratch/projects/compilers/intel24.0/oneapi/dnnl/2024.0/lib/pkgconfig:/scratch/projects/compilers/intel24.0/oneapi/dal/2024.0/lib/pkgconfig:/opt/intel/oneapi/compiler/2024.0/lib/pkgconfig:/opt/intel/oneapi/tbb/2021.11/lib/pkgconfig'
RABBITMQ_FALSE=''
RABBITMQ_TRUE=''
SET_MAKE=''
SHELL='/bin/sh'
STRIP=''
VARIORUM_FALSE=''
VARIORUM_TRUE=''
VERSION=''
ac_ct_CC=''
ac_ct_CXX=''
am__EXEEXT_FALSE=''
am__EXEEXT_TRUE=''
am__fastdepCC_FALSE=''
am__fastdepCC_TRUE=''
am__fastdepCXX_FALSE=''
am__fastdepCXX_TRUE=''
am__include=''
am__isrc=' -I$(srcdir)'
am__leading_dot='.'
am__nodep=''
am__quote=''
am__tar=''
am__untar=''
bindir='${exec_prefix}/bin'
build=''
build_alias=''
build_cpu=''
build_os=''
build_vendor=''
datadir='${datarootdir}'
datarootdir='${prefix}/share'
docdir='${datarootdir}/doc/${PACKAGE_TARNAME}'
dvidir='${docdir}'
exec_prefix='NONE'
host=''
host_alias=''
host_cpu=''
host_os=''
host_vendor=''
htmldir='${docdir}'
includedir='${prefix}/include'
infodir='${datarootdir}/info'
install_sh='${SHELL} /home1/01623/sharrell/hpcperfstats_monitor_dev/HPCPerfStats/monitor/install-sh'
libdir='${exec_prefix}/lib'
libexecdir='${exec_prefix}/libexec'
localedir='${datarootdir}/locale'
localstatedir='${prefix}/var'
mandir='${datarootdir}/man'
mkdir_p=''
oldincludedir='/usr/include'
pdfdir='${docdir}'
prefix='NONE'
program_transform_name='s,x,x,'
psdir='${docdir}'
runstatedir='${localstatedir}/run'
sbindir='${exec_prefix}/sbin'
sharedstatedir='${prefix}/com'
sysconfdir='${prefix}/etc'
systemduserunitdir=''
target_alias=''

## ----------- ##
## confdefs.h. ##
## ----------- ##

/* confdefs.h */
#define PACKAGE_NAME "hpcperfstats"
#define PACKAGE_TARNAME "hpcperfstats"
#define PACKAGE_VERSION "2.4"
#define PACKAGE_STRING "hpcperfstats 2.4"
#define PACKAGE_BUGREPORT "rtevans@tacc.utexas.edu"
#define PACKAGE_URL ""

configure: exit 1
